// Jest Snapshot v1, https://goo.gl/fbAQLP

exports[`<LinkCollapsibleChild /> Should render the <LinkCollapsibleChild /> component. 1`] = `ShallowWrapper {}`;
