// Jest Snapshot v1, https://goo.gl/fbAQLP

exports[`<LinkIndicator /> Should render the <LinkIndicator /> component. 1`] = `ShallowWrapper {}`;
