// Jest Snapshot v1, https://goo.gl/fbAQLP

exports[`<LinkIcon /> Should render the <LinkIcon /> component. 1`] = `ShallowWrapper {}`;
