// Jest Snapshot v1, https://goo.gl/fbAQLP

exports[`<LinkStandard /> Should render the <LinkStandard /> component. 1`] = `ShallowWrapper {}`;
