// Jest Snapshot v1, https://goo.gl/fbAQLP

exports[`<Section /> Should render the <Section /> component. 1`] = `ShallowWrapper {}`;
