// Jest Snapshot v1, https://goo.gl/fbAQLP

exports[`<Navvy /> Should render the <Navvy /> component. 1`] = `ShallowWrapper {}`;
