// Jest Snapshot v1, https://goo.gl/fbAQLP

exports[`<Navbar /> Should render the <Navbar /> component. 1`] = `ShallowWrapper {}`;
