// Jest Snapshot v1, https://goo.gl/fbAQLP

exports[`<Search /> Should render the <Search /> component. 1`] = `ShallowWrapper {}`;
