// Jest Snapshot v1, https://goo.gl/fbAQLP

exports[`<UserMenu /> Should render the <UserMenu /> component. 1`] = `ShallowWrapper {}`;
